Warning: connect.session() MemoryStore is not
designed for a production environment, as it will leak
memory, and will not scale past a single process.
{"level":30,"time":1785232197896,"pid":34524,"hostname":"DESKTOP-KDH18LV","port":8080,"msg":"Server listening"}
{"level":30,"time":1785232197987,"pid":34524,"hostname":"DESKTOP-KDH18LV","msg":"Session table ensured"}
{"level":30,"time":1785232197991,"pid":34524,"hostname":"DESKTOP-KDH18LV","msg":"Default admin user ensured"}
{"level":30,"time":1785232197992,"pid":34524,"hostname":"DESKTOP-KDH18LV","intervalMs":15000,"msg":"Telegram background poller started (no token yet)"}
{"level":30,"time":1785232197999,"pid":34524,"hostname":"DESKTOP-KDH18LV","msg":"Tahun anggaran patch complete"}
  [am-funnel-targets] Seeding 11 target(s)...
  [am-funnel-targets] Seeding 11 target(s)...
    [am-funnel-targets] Updated: NIK 870022 tahun 2026
    [am-funnel-targets] Updated: NIK 870022 tahun 2026
    [am-funnel-targets] Updated: NIK 910017 tahun 2026
    [am-funnel-targets] Updated: NIK 910017 tahun 2026
    [am-funnel-targets] Updated: NIK 910024 tahun 2026
    [am-funnel-targets] Updated: NIK 910024 tahun 2026
    [am-funnel-targets] Updated: NIK 920064 tahun 2026
    [am-funnel-targets] Updated: NIK 920064 tahun 2026
    [am-funnel-targets] Updated: NIK 896661 tahun 2026
    [am-funnel-targets] Updated: NIK 896661 tahun 2026
    [am-funnel-targets] Updated: NIK 980067 tahun 2026
    [am-funnel-targets] Updated: NIK 980067 tahun 2026
    [am-funnel-targets] Updated: NIK 404429 tahun 2026
    [am-funnel-targets] Updated: NIK 404429 tahun 2026
    [am-funnel-targets] Updated: NIK 401431 tahun 2026
    [am-funnel-targets] Updated: NIK 401431 tahun 2026
    [am-funnel-targets] Updated: NIK 403613 tahun 2026
    [am-funnel-targets] Updated: NIK 403613 tahun 2026
    [am-funnel-targets] Updated: NIK 405690 tahun 2026
    [am-funnel-targets] Updated: NIK 405690 tahun 2026
    [am-funnel-targets] Updated: NIK 402478 tahun 2026
  [am-funnel-targets] Done.
    [am-funnel-targets] Updated: NIK 402478 tahun 2026
  [am-funnel-targets] Done.
{"level":30,"time":1785232198043,"pid":34524,"hostname":"DESKTOP-KDH18LV","msg":"Default seed data ensured"}
{"level":30,"time":1785232198045,"pid":34524,"hostname":"DESKTOP-KDH18LV","id":1,"snapshotDate":"2026-06-12","msg":"[seed-funnel-apr22-json] Already have Apr22+ snapshot — skip"}
{"level":30,"time":1785232198045,"pid":34524,"hostname":"DESKTOP-KDH18LV","msg":"Full seed check complete"}
{"level":30,"time":1785232260100,"pid":34524,"hostname":"DESKTOP-KDH18LV","req":{"id":1,"method":"GET","url":"/api/auth/me"},"res":{"statusCode":401},"responseTime":23,"msg":"request completed"}
{"level":30,"time":1785232260657,"pid":34524,"hostname":"DESKTOP-KDH18LV","req":{"id":2,"method":"GET","url":"/api/auth/me"},"res":{"statusCode":401},"responseTime":3,"msg":"request completed"}
{"level":30,"time":1785232272090,"pid":34524,"hostname":"DESKTOP-KDH18LV","req":{"id":3,"method":"OPTIONS","url":"/api/auth/login"},"res":{"statusCode":204},"responseTime":1,"msg":"request completed"}
{"level":30,"time":1785232272232,"pid":34524,"hostname":"DESKTOP-KDH18LV","req":{"id":4,"method":"POST","url":"/api/auth/login"},"res":{"statusCode":200},"responseTime":138,"msg":"request completed"}
{"level":30,"time":1785232272239,"pid":34524,"hostname":"DESKTOP-KDH18LV","req":{"id":5,"method":"GET","url":"/api/auth/me"},"res":{"statusCode":200},"responseTime":3,"msg":"request completed"}
{"level":30,"time":1785232272298,"pid":34524,"hostname":"DESKTOP-KDH18LV","req":{"id":6,"method":"GET","url":"/api/am"},"res":{"statusCode":200},"responseTime":13,"msg":"request completed"}
Error: Failed query: select "id", "nik", "nama_am", "divisi", "divisi_cc", "witel_am", "level_am", "tahun", "bulan", "target_revenue", "real_revenue", "target_reguler", "real_reguler", "target_sustain", "real_sustain", "target_scaling", "real_scaling", "target_ngtma", "real_ngtma", "ach_rate", "ach_rate_ytd", "rank_ach", "status_warna", "komponen_detail", "snapshot_date", "import_id", "created_at" from "performance_data" where "performance_data"."nik" in ($1, $2, $3, $4, $5, $6, $7, $8, $9, $10, $11, $12, $13)
params: 401431,402478,403613,404429,405075,405690,850046,870022,896661,910017,910024,920064,980067
    at NodePgPreparedQuery.queryWithCache (file:///C:/Users/USER/Desktop/LESAVI-SURAMADU/LESAVI-SURAMADU/apps/api/dist/index.mjs:43173:19)
    at process.processTicksAndRejections (node:internal/process/task_queues:104:5)
    at async file:///C:/Users/USER/Desktop/LESAVI-SURAMADU/LESAVI-SURAMADU/apps/api/dist/index.mjs:43460:26
    at async file:///C:/Users/USER/Desktop/LESAVI-SURAMADU/LESAVI-SURAMADU/apps/api/dist/index.mjs:114276:40
{"level":30,"time":1785232272355,"pid":34524,"hostname":"DESKTOP-KDH18LV","req":{"id":7,"method":"GET","url":"/api/performance"},"res":{"statusCode":500},"err":{"type":"Error","message":"failed with status code 500","stack":"Error: failed with status code 500\n    at onResFinished (file:///C:/Users/USER/Desktop/LESAVI-SURAMADU/LESAVI-SURAMADU/apps/api/dist/index.mjs:28478:45)\n    at ServerResponse.onResponseComplete (file:///C:/Users/USER/Desktop/LESAVI-SURAMADU/LESAVI-SURAMADU/apps/api/dist/index.mjs:28528:18)\n    at ServerResponse.emit (node:events:521:24)\n    at onFinish (node:_http_outgoing:1026:10)\n    at callback (node:internal/streams/writable:764:21)\n    at afterWrite (node:internal/streams/writable:708:5)\n    at afterWriteTick (node:internal/streams/writable:694:10)\n    at process.processTicksAndRejections (node:internal/process/task_queues:89:21)"},"responseTime":69,"msg":"request errored"}
{"level":30,"time":1785232276738,"pid":34524,"hostname":"DESKTOP-KDH18LV","req":{"id":8,"method":"GET","url":"/api/import/history"},"res":{"statusCode":200},"responseTime":15,"msg":"request completed"}
{"level":30,"time":1785232290263,"pid":34524,"hostname":"DESKTOP-KDH18LV","req":{"id":9,"method":"GET","url":"/api/am"},"res":{"statusCode":200},"responseTime":58,"msg":"request completed"}
Error: Failed query: select "id", "nik", "nama_am", "divisi", "divisi_cc", "witel_am", "level_am", "tahun", "bulan", "target_revenue", "real_revenue", "target_reguler", "real_reguler", "target_sustain", "real_sustain", "target_scaling", "real_scaling", "target_ngtma", "real_ngtma", "ach_rate", "ach_rate_ytd", "rank_ach", "status_warna", "komponen_detail", "snapshot_date", "import_id", "created_at" from "performance_data" where "performance_data"."nik" in ($1, $2, $3, $4, $5, $6, $7, $8, $9, $10, $11, $12, $13)
params: 401431,402478,403613,404429,405075,405690,850046,870022,896661,910017,910024,920064,980067
    at NodePgPreparedQuery.queryWithCache (file:///C:/Users/USER/Desktop/LESAVI-SURAMADU/LESAVI-SURAMADU/apps/api/dist/index.mjs:43173:19)
    at process.processTicksAndRejections (node:internal/process/task_queues:104:5)
    at async file:///C:/Users/USER/Desktop/LESAVI-SURAMADU/LESAVI-SURAMADU/apps/api/dist/index.mjs:43460:26
    at async file:///C:/Users/USER/Desktop/LESAVI-SURAMADU/LESAVI-SURAMADU/apps/api/dist/index.mjs:114276:40
{"level":30,"time":1785232290266,"pid":34524,"hostname":"DESKTOP-KDH18LV","req":{"id":10,"method":"GET","url":"/api/performance"},"res":{"statusCode":500},"err":{"type":"Error","message":"failed with status code 500","stack":"Error: failed with status code 500\n    at onResFinished (file:///C:/Users/USER/Desktop/LESAVI-SURAMADU/LESAVI-SURAMADU/apps/api/dist/index.mjs:28478:45)\n    at ServerResponse.onResponseComplete (file:///C:/Users/USER/Desktop/LESAVI-SURAMADU/LESAVI-SURAMADU/apps/api/dist/index.mjs:28528:18)\n    at ServerResponse.emit (node:events:521:24)\n    at onFinish (node:_http_outgoing:1026:10)\n    at callback (node:internal/streams/writable:764:21)\n    at afterWrite (node:internal/streams/writable:708:5)\n    at afterWriteTick (node:internal/streams/writable:694:10)\n    at process.processTicksAndRejections (node:internal/process/task_queues:89:21)"},"responseTime":57,"msg":"request errored"}
{"level":30,"time":1785232297796,"pid":34524,"hostname":"DESKTOP-KDH18LV","req":{"id":11,"method":"GET","url":"/api/auth/me"},"res":{"statusCode":401},"responseTime":2,"msg":"request completed"}
{"level":30,"time":1785232300821,"pid":34524,"hostname":"DESKTOP-KDH18LV","req":{"id":12,"method":"GET","url":"/api/auth/me"},"res":{"statusCode":401},"responseTime":2,"msg":"request completed"}
